// Jest Snapshot v1, https://goo.gl/fbAQLP

exports[`BlogPost element is rendered 1`] = `
<a
  className="blogpostLink"
  href="/blog"
  onClick={[Function]}
>
  <img
    alt="title"
    src=""
    width={370}
  />
  <p>
    INSIGHTS
  </p>
  <h1>
    title
  </h1>
  <div
    className="read"
  >
    <div
      className="readingTime"
    >
      Read time: 
      5
       mins
    </div>
    <div
      className="readmore"
    >
      Read More
    </div>
  </div>
</a>
`;
