// Jest Snapshot v1, https://goo.gl/fbAQLP

exports[`BlogPost element is rendered 1`] = `
<a
  className="blogpost"
  href="/blog"
  onClick={[Function]}
>
  <img
    alt="title"
    src=""
    width={370}
  />
  <div>
    <h1>
      title
    </h1>
    <span>
      
    </span>
    <p>
      Read More
    </p>
  </div>
</a>
`;
