// Jest Snapshot v1, https://goo.gl/fbAQLP

exports[`CaseStudy element is rendered 1`] = `
<div
  className="case-study-link-wrapper"
>
  <div
    className="case-study-link"
  >
    <div
      className="img"
    >
      <img />
    </div>
    <div
      className="content"
    >
      <span>
        Test
      </span>
      <h2>
        Test
      </h2>
      <a
        href="/Test"
        onClick={[Function]}
      >
        Read Case Study
      </a>
    </div>
  </div>
</div>
`;
