// Jest Snapshot v1, https://goo.gl/fbAQLP

exports[`CaseStudy element is rendered 1`] = `
<a
  className="case-study-link-element"
  href="/Test"
  onClick={[Function]}
>
  <div
    className="komodoGridWrapper case-study-link-wrapper"
  >
    <div
      className="case-study-link"
    >
      <div
        className="img"
        style={
          Object {
            "backgroundImage": "url()",
          }
        }
      />
      <div
        className="content"
      >
        <span>
          Test
        </span>
        <h2>
          Test
        </h2>
        <span
          className="linktext"
        >
          Read Case Study
        </span>
      </div>
    </div>
  </div>
</a>
`;
