// Jest Snapshot v1, https://goo.gl/fbAQLP

exports[`ContentSection element is rendered 1`] = `
<div
  className="komodoGridWrapper cs-wrapper "
  style={
    Object {
      "background": "none",
      "marginTop": "inherit",
      "paddingBottom": "80px",
      "paddingTop": "180px",
    }
  }
>
  <div
    className="Content-Section"
  >
    <span>
      Testy
    </span>
    <h2>
      Test
    </h2>
    <div>
      <p>
        Test
      </p>
    </div>
  </div>
</div>
`;
