// Jest Snapshot v1, https://goo.gl/fbAQLP

exports[`Footer element is rendered 1`] = `
<footer
  className="komodoGridWrapper main-footer"
>
  <div
    className="komodo"
  >
    <img
      alt="Komodo - People Friendly Software"
      className="logo"
      src=""
    />
  </div>
  <div
    className="address"
  >
    <span>
      Address
    </span>
    <address>
      Komodo Digital, 63 Westgate Rd,
      <br />
      Newcastle upon Tyne, NE1 1SG,
      <br />
      <a
        href="mailto:hello@komododigital.co.uk"
      >
        hello@komododigital.co.uk
      </a>
      <br />
      <a
        href="tel:+441912286555"
      >
        0191 228 6555
      </a>
    </address>
  </div>
  <div
    className="sitemap"
  >
    <span>
      Sitemap
    </span>
    <ul>
      <li>
        <a
          aria-current="page"
          href="/"
          onClick={[Function]}
        >
          Home
        </a>
      </li>
      <li>
        <a
          href="/about"
          onClick={[Function]}
        >
          About
        </a>
      </li>
      <li>
        <a
          href="/services"
          onClick={[Function]}
        >
          Services
        </a>
      </li>
      <li>
        <a
          href="/client-stories"
          onClick={[Function]}
        >
          Client Stories
        </a>
      </li>
    </ul>
    <ul>
      <li>
        <a
          href="/insights"
          onClick={[Function]}
        >
          Insights
        </a>
      </li>
      <li>
        <a
          href="https://hire.withgoogle.com/public/jobs/komododigitalcouk"
        >
          Careers
        </a>
      </li>
      <li>
        <a
          href="/contact"
          onClick={[Function]}
        >
          Contact
        </a>
      </li>
    </ul>
  </div>
</footer>
`;
