// Jest Snapshot v1, https://goo.gl/fbAQLP

exports[`LegalFooter element is rendered 1`] = `
<footer
  className="legal-footer"
>
  <div
    className="company"
  >
    <span>
      Komodo Digital Copyright © 2018
    </span>
    <br />
    <a
      aria-current="page"
      href="/"
      onClick={[Function]}
    >
      Privacy Policy
    </a>
     | 
    <a
      aria-current="page"
      href="/"
      onClick={[Function]}
    >
      Terms and Conditions
    </a>
  </div>
  <div
    className="contact"
  >
    Get in touch on:
    <br />
    <a
      href="/tel:0191 228 6555"
      onClick={[Function]}
    >
      0191 228 6555
    </a>
  </div>
</footer>
`;
