// Jest Snapshot v1, https://goo.gl/fbAQLP

exports[`NavigationBar element is rendered 1`] = `
<div
  className="komodoGridWrapper navigationBar "
  style={
    Object {
      "background": "rgba(0,0,0,0)",
    }
  }
>
  <a
    aria-current="page"
    href="/"
    onClick={[Function]}
  >
    <div
      className=" gatsby-image-wrapper"
      style={
        Object {
          "display": "inline-block",
          "height": 29,
          "overflow": "hidden",
          "position": "relative",
          "width": 170,
        }
      }
    >
      
      <picture>
        
        <img
          alt=""
          height={29}
          onLoad={[Function]}
          src=""
          srcSet=""
          style={
            Object {
              "height": "100%",
              "left": 0,
              "objectFit": "cover",
              "objectPosition": "center",
              "opacity": 0,
              "position": "absolute",
              "top": 0,
              "transition": "opacity 0.5s",
              "width": "100%",
            }
          }
          width={170}
        />
      </picture>
      <noscript
        dangerouslySetInnerHTML={
          Object {
            "__html": "<picture><img width=\\"170\\" height=\\"29\\" src=\\"\\" alt=\\"\\" style=\\"position:absolute;top:0;left:0;opacity:1;width:100%;height:100%;object-fit:cover;object-position:center\\"/></picture>",
          }
        }
      />
    </div>
  </a>
  <div
    className="hamburger"
  >
    <a
      aria-current="page"
      href="/"
      onClick={[Function]}
    >
      <img
        height={64}
        src={Object {}}
        style={
          Object {
            "height": 64,
            "marginTop": 10,
            "width": 64,
          }
        }
        width={64}
      />
    </a>
  </div>
  <ul
    className="Menu"
    style={
      Object {
        "background": "rgba(0,0,0,0)",
      }
    }
  >
    <li
      className="nav-link  home-selected"
    >
      <a
        href="/about"
        onClick={[Function]}
      >
        About
      </a>
    </li>
    <li
      className="nav-link  home-selected"
    >
      <a
        href="/services"
        onClick={[Function]}
      >
        Services
      </a>
    </li>
    <li
      className="nav-link  home-selected"
    >
      <a
        href="/client-stories"
        onClick={[Function]}
      >
        Client Stories
      </a>
    </li>
    <li
      className="nav-link  home-selected"
    >
      <a
        href="/insights"
        onClick={[Function]}
      >
        Insights
      </a>
    </li>
    <li
      className="nav-link  home-selected"
    >
      <a
        href="/contact"
        onClick={[Function]}
      >
        Contact
      </a>
    </li>
  </ul>
</div>
`;
