// Jest Snapshot v1, https://goo.gl/fbAQLP

exports[`NavigationBar element is rendered 1`] = `
<div
  className="komodoGridWrapper navigationBar"
  style={
    Object {
      "background": "#000000",
    }
  }
>
  <a
    aria-current="page"
    href="/"
    onClick={[Function]}
  >
    <img
      alt="Komodo Digital"
      src={Object {}}
    />
  </a>
  <div
    className="hamburger"
  >
    <a
      aria-current="page"
      href="/"
      onClick={[Function]}
    >
      <img
        height={64}
        src={Object {}}
        style={
          Object {
            "height": 64,
            "marginTop": 10,
            "width": 64,
          }
        }
        width={64}
      />
    </a>
  </div>
  <ul
    className="Menu"
    style={
      Object {
        "background": "#000000",
      }
    }
  >
    <li>
      <a
        href="/about"
        onClick={[Function]}
      >
        About
      </a>
    </li>
    <li>
      <a
        href="/case-studies"
        onClick={[Function]}
      >
        Case Studies
      </a>
    </li>
    <li>
      <a
        href="/blog-list"
        onClick={[Function]}
      >
        Insights
      </a>
    </li>
    <li>
      <a
        href="/contact"
        onClick={[Function]}
      >
        Contact
      </a>
    </li>
  </ul>
</div>
`;
