// Jest Snapshot v1, https://goo.gl/fbAQLP

exports[`SeeMoreButton element is rendered 1`] = `
<div
  className="komodoGridWrapper seemorebutton-wrapper undefined"
>
  <a
    href="/about"
    onClick={[Function]}
  >
    <button
      disabled={false}
    >
      test
    </button>
  </a>
</div>
`;
