// Jest Snapshot v1, https://goo.gl/fbAQLP

exports[`Testimonial element is rendered 1`] = `
<div
  className="Testimonial"
>
  <span>
    Name:
  </span>
  <q>
    Testimonial
  </q>
  <hr />
  <span
    className="job"
  >
    Job title
  </span>
  <span
    className="company"
  >
    Company
  </span>
</div>
`;
