// Jest Snapshot v1, https://goo.gl/fbAQLP

exports[`Testimonial element is rendered 1`] = `
<article
  className="komodoGridWrapper testimonial-wrapper"
  style={
    Object {
      "background": "linear-gradient(0deg, #0F1E65 0%, #04104A 100%)",
    }
  }
>
  <div
    className="Testimonial"
  >
    <q />
    <hr />
    <span
      className="name"
    />
    <span
      className="job"
    >
      , 
    </span>
  </div>
</article>
`;
