// Jest Snapshot v1, https://goo.gl/fbAQLP

exports[`TitleText element is rendered 1`] = `
<div
  className="komodoGridWrapper title-wrapper   "
  style={
    Object {
      "background": "none",
    }
  }
>
  <div
    className="Title-Section "
  >
    <h2
      dangerouslySetInnerHTML={
        Object {
          "__html": "TITLE HERE",
        }
      }
    />
    <div />
    <div>
      <a
        className="showreel"
        href="https://vimeo.com/314800766/fef6932281"
        target="_blank"
      >
        Watch Showreel
      </a>
    </div>
  </div>
  <div
    className="image-wrapper "
  />
</div>
`;
