// Jest Snapshot v1, https://goo.gl/fbAQLP

exports[`404 template is rendered 1`] = `
<div>
  <noscript>
    You have Javascript disabled. While it isn't needed, it will make your experience nicer.
  </noscript>
  <div
    className="navigationBar"
  >
    <a
      aria-current="page"
      href="/"
      onClick={[Function]}
    >
      <h1>
        Komodo
      </h1>
    </a>
    <ul>
      <li>
        <a
          href="/about"
          onClick={[Function]}
        >
          About
        </a>
      </li>
      <li>
        <a
          href="/case-studies"
          onClick={[Function]}
        >
          Case Studies
        </a>
      </li>
      <li>
        <a
          href="/blog-list"
          onClick={[Function]}
        >
          Insights
        </a>
      </li>
      <li>
        <a
          href="/contact"
          onClick={[Function]}
        >
          Contact
        </a>
      </li>
    </ul>
  </div>
  <h1>
    #404 Page Not Found
  </h1>
  <div>
    <span>
      Komodo Digital
    </span>
  </div>
  <footer>
    <div
      className="komodo"
    >
      Komodo
    </div>
    <div
      className="address"
    >
      Address
    </div>
    <div
      className="sitemap"
    >
      Sitemap
    </div>
  </footer>
  <footer>
    <div>
      Komodo Digital Copyright © 2018
      <br />
      <a
        aria-current="page"
        href="/"
        onClick={[Function]}
      >
        Privacy Policy
      </a>
      |
      <a
        aria-current="page"
        href="/"
        onClick={[Function]}
      >
        Terms and Conditions
      </a>
    </div>
    <div>
      Get in touch on:
      <br />
      <a
        href="/tel:0191 228 6555"
        onClick={[Function]}
      >
        0191 228 6555
      </a>
    </div>
  </footer>
  <noscript>
    <img
      alt=""
      height="1"
      src="https://dc.ads.linkedin.com/collect/?pid=377068&fmt=gif"
      width="1"
    />
  </noscript>
</div>
`;
