// Jest Snapshot v1, https://goo.gl/fbAQLP

exports[`Case Study template is rendered 1`] = `
Array [
  <noscript>
    You have Javascript disabled. While it isn't needed, it will make your experience nicer.
  </noscript>,
  <div
    className="navigationBar"
  >
    <a
      aria-current="page"
      href="/"
      onClick={[Function]}
    >
      <img
        alt="Komodo Digital"
        src={Object {}}
      />
    </a>
    <div
      className="hamburger"
    >
      <a
        aria-current="page"
        href="/"
        onClick={[Function]}
      >
        <img
          height={64}
          src={Object {}}
          style={
            Object {
              "height": 64,
              "marginTop": 10,
              "width": 64,
            }
          }
          width={64}
        />
      </a>
    </div>
    <ul
      className="Menu"
    >
      <li>
        <a
          href="/about"
          onClick={[Function]}
        >
          About
        </a>
      </li>
      <li>
        <a
          href="/case-studies"
          onClick={[Function]}
        >
          Case Studies
        </a>
      </li>
      <li>
        <a
          href="/blog-list"
          onClick={[Function]}
        >
          Insights
        </a>
      </li>
      <li>
        <a
          href="/contact"
          onClick={[Function]}
        >
          Contact
        </a>
      </li>
    </ul>
  </div>,
  <div
    className="main"
  >
    <div
      className="cs-wrapper "
      style={
        Object {
          "backgroundColor": "inherit",
          "marginTop": "inherit",
          "paddingBottom": "80px",
          "paddingTop": "180px",
        }
      }
    >
      <div
        className="Content-Section"
      >
        <span>
          subtitle
        </span>
        <h2>
          title
        </h2>
        <div>
          <span>
            Lorem Ipsum is the industry standard typesetting text
          </span>
        </div>
      </div>
    </div>
    <div
      className="cs-wrapper "
      style={
        Object {
          "backgroundColor": "inherit",
          "marginTop": "inherit",
          "paddingBottom": "80px",
          "paddingTop": "180px",
        }
      }
    >
      <div
        className="Content-Section"
      >
        <h2>
          Solution/Project Outcome
        </h2>
        <div>
          <span>
            Lorem Ipsum is the industry standard typesetting text
          </span>
        </div>
      </div>
    </div>
    <div
      className="metrics-wrapper"
    >
      <div
        className="Metrics"
      />
    </div>
    <div
      className="cs-wrapper "
      style={
        Object {
          "backgroundColor": "inherit",
          "marginTop": "inherit",
          "paddingBottom": "80px",
          "paddingTop": "180px",
        }
      }
    >
      <div
        className="Content-Section"
      >
        <h2>
          title
        </h2>
        <div>
          <span>
            Lorem Ipsum is the industry standard typesetting text
          </span>
        </div>
      </div>
    </div>
    <article
      className="testimonial-wrapper"
    >
      <div
        className="Testimonial"
      >
        <span
          className="name"
        >
          A Developer
          :
        </span>
        <q>
          Testimonial content
        </q>
        <hr />
        <span
          className="job"
        >
          Senior Developer
        </span>
        <span
          className="company"
        >
          Komodo
        </span>
      </div>
    </article>
    <div
      className="cs-wrapper "
      style={
        Object {
          "backgroundColor": "inherit",
          "marginTop": "inherit",
          "paddingBottom": "80px",
          "paddingTop": "180px",
        }
      }
    >
      <div
        className="Content-Section"
      >
        <h2>
          Other related work
        </h2>
        <div>
          <span>
            Lorem Ipsum is the industry standard typesetting text
          </span>
        </div>
      </div>
    </div>
    <div
      className="cs-wrapper "
      style={
        Object {
          "backgroundColor": "#ffffff",
          "marginTop": "inherit",
          "paddingBottom": "80px",
          "paddingTop": "180px",
        }
      }
    >
      <div
        className="Content-Section"
      >
        <h2>
          TITLE HERE
        </h2>
        <div>
          <span>
            Lorem Ipsum is the industry standard typesetting text
          </span>
        </div>
      </div>
    </div>
    <div
      className="contactsection-wrapper"
    >
      <div
        className="contactsection"
      >
        <div
          className="contactform"
        >
          <form
            action="https://formspree.io/hello@komododigital.co.uk"
            method="POST"
          >
            <label
              htmlFor="form-name"
            >
              Your Name
              <input
                id="form-name"
                name="name"
                placeholder="Joe Blogs"
                type="text"
              />
            </label>
            <label
              htmlFor="form-email"
            >
              Your Email
              <input
                id="form-email"
                name="email"
                placeholder="joe@blogs.com"
                type="email"
              />
            </label>
            <label
              htmlFor="form-service"
            >
              Service
              <select
                id="form-service"
                name="service"
              >
                <option>
                  Choose Service
                </option>
                <option
                  value="Discovery"
                >
                  Discovery
                </option>
                <option
                  value="Design"
                >
                  Design
                </option>
                <option
                  value="Development"
                >
                  Development
                </option>
                <option
                  value="Delivery"
                >
                  Delivery
                </option>
              </select>
            </label>
            <label
              htmlFor="form-sector"
            >
              Sector
              <select
                id="form-sector"
                name="sector"
              >
                <option>
                  Choose Sector
                </option>
                <option
                  value="Education"
                >
                  Education
                </option>
                <option
                  value="Law Enforcement"
                >
                  Law Enforcement
                </option>
                <option
                  value="Startups"
                >
                  Startups
                </option>
                <option
                  value="Social Housing"
                >
                  Social Housing
                </option>
              </select>
            </label>
            <label
              htmlFor="form-message"
            >
              Your Message
              <textarea
                cols={30}
                id="form-message"
                name="message"
                placeholder="Your message"
                rows={10}
              />
            </label>
            <div>
              <input
                type="submit"
                value="Send"
              />
            </div>
          </form>
        </div>
      </div>
    </div>
    <footer>
      <div
        className="komodo"
      >
        <img
          alt="Komodo - People Friendly Software"
          src={Object {}}
        />
      </div>
      <div
        className="address"
      >
        <span>
          Address
        </span>
        <address>
          Komodo Digital,
          <br />
          63 Westgate Rd,
          <br />
          Newcastle upon Tyne,
          <br />
          NE1 1SG
        </address>
        <address>
          Komodo | The Core
          <br />
          Science Central, Bath Ln,
          <br />
          Newcastle upon Tyne
          <br />
          NE4 5TF
        </address>
      </div>
      <div
        className="sitemap"
      >
        <span>
          Sitemap
        </span>
        <ul>
          <li>
            <a
              aria-current="page"
              href="/"
              onClick={[Function]}
            >
              Home
            </a>
          </li>
          <li>
            <a
              aria-current="page"
              href="/"
              onClick={[Function]}
            >
              Case Studies
            </a>
          </li>
          <li>
            <a
              aria-current="page"
              href="/"
              onClick={[Function]}
            >
              Insights
            </a>
          </li>
          <li>
            <a
              aria-current="page"
              href="/"
              onClick={[Function]}
            >
              Careers
            </a>
          </li>
        </ul>
        <ul>
          <li>
            <a
              aria-current="page"
              href="/"
              onClick={[Function]}
            >
              Contact
            </a>
          </li>
          <li>
            <a
              href="https://twitter.com/komodohq"
            >
              Twitter
            </a>
          </li>
          <li>
            <a
              href="https://facebook.com/komodohq"
            >
              Facebook
            </a>
          </li>
          <li>
            <a
              href="https://linkedin.com/komodohq"
            >
              LinkedIn
            </a>
          </li>
        </ul>
      </div>
    </footer>
    <footer
      className="legal-footer"
    >
      <div
        className="company"
      >
        <span>
          Komodo Digital Copyright © 2018
        </span>
        <br />
        <a
          aria-current="page"
          href="/"
          onClick={[Function]}
        >
          Privacy Policy
        </a>
         | 
        <a
          aria-current="page"
          href="/"
          onClick={[Function]}
        >
          Terms and Conditions
        </a>
      </div>
      <div
        className="contact"
      >
        Get in touch on:
        <br />
        <a
          href="/tel:0191 228 6555"
          onClick={[Function]}
        >
          0191 228 6555
        </a>
      </div>
    </footer>
  </div>,
  <noscript>
    <img
      alt=""
      height="1"
      src="https://dc.ads.linkedin.com/collect/?pid=377068&fmt=gif"
      width="1"
    />
  </noscript>,
]
`;
