// Jest Snapshot v1, https://goo.gl/fbAQLP

exports[`Contact template is rendered 1`] = `
Array [
  <noscript>
    You have Javascript disabled. While it isn't needed, it will make your experience nicer.
  </noscript>,
  <div
    className="komodoGridWrapper navigationBar "
    style={
      Object {
        "background": "#000000",
      }
    }
  >
    <a
      aria-current="page"
      href="/"
      onClick={[Function]}
    >
      <img
        alt="Komodo Digital"
        src={Object {}}
      />
    </a>
    <div
      className="hamburger"
    >
      <a
        aria-current="page"
        href="/"
        onClick={[Function]}
      >
        <img
          height={64}
          src={Object {}}
          style={
            Object {
              "height": 64,
              "marginTop": 10,
              "width": 64,
            }
          }
          width={64}
        />
      </a>
    </div>
    <ul
      className="Menu"
      style={
        Object {
          "background": "#000000",
        }
      }
    >
      <li>
        <a
          href="/about"
          onClick={[Function]}
        >
          About
        </a>
      </li>
      <li>
        <a
          href="/case-studies"
          onClick={[Function]}
        >
          Case Studies
        </a>
      </li>
      <li>
        <a
          href="/blog-list"
          onClick={[Function]}
        >
          Insights
        </a>
      </li>
      <li>
        <a
          href="/contact"
          onClick={[Function]}
        >
          Contact
        </a>
      </li>
    </ul>
  </div>,
  <div
    className="main"
  >
    <div
      className="komodoGridWrapper cs-wrapper "
      style={
        Object {
          "background": "#ffffff",
          "marginTop": "inherit",
          "paddingBottom": "200px",
          "paddingTop": "200px",
        }
      }
    >
      <div
        className="Content-Section"
      >
        <h2>
          Contact Us
        </h2>
        <div>
          <span>
            Lorem Ipsum is the industry standard typesetting text
          </span>
        </div>
      </div>
    </div>
    <div
      className="komodoGridWrapper contactsection-wrapper"
    >
      <div
        className="contactsection"
      >
        <div
          className="vcard"
        >
          <img
            height="70"
            src={Object {}}
            width="70"
          />
          <div>
            <h1>
              Armin Talic
            </h1>
            <h2>
              Commercial Director
            </h2>
            <a
              href="mailto: {email}"
            >
              story@vcard.com
            </a>
          </div>
        </div>
        <div
          className="vcard"
        >
          <img
            height="70"
            src={Object {}}
            width="70"
          />
          <div>
            <h1>
              Matt Moran
            </h1>
            <h2>
              Director
            </h2>
            <a
              href="mailto: {email}"
            >
              story@vcard.com
            </a>
          </div>
        </div>
        <div
          className="contactform"
        >
          <form
            action="https://formspree.io/hello@komododigital.co.uk"
            method="POST"
          >
            <label
              htmlFor="form-name"
            >
              Your Name
              <input
                id="form-name"
                name="name"
                placeholder="Joe Blogs"
                type="text"
              />
            </label>
            <label
              htmlFor="form-email"
            >
              Your Email
              <input
                id="form-email"
                name="email"
                placeholder="joe@blogs.com"
                type="email"
              />
            </label>
            <label
              htmlFor="form-service"
            >
              Service
              <select
                id="form-service"
                name="service"
              >
                <option>
                  Choose Service
                </option>
                <option
                  value="Discovery"
                >
                  Discovery
                </option>
                <option
                  value="Design"
                >
                  Design
                </option>
                <option
                  value="Development"
                >
                  Development
                </option>
                <option
                  value="Delivery"
                >
                  Delivery
                </option>
              </select>
            </label>
            <label
              htmlFor="form-sector"
            >
              Sector
              <select
                id="form-sector"
                name="sector"
              >
                <option>
                  Choose Sector
                </option>
                <option
                  value="Education"
                >
                  Education
                </option>
                <option
                  value="Law Enforcement"
                >
                  Law Enforcement
                </option>
                <option
                  value="Startups"
                >
                  Startups
                </option>
                <option
                  value="Social Housing"
                >
                  Social Housing
                </option>
              </select>
            </label>
            <label
              htmlFor="form-message"
            >
              Your Message
              <textarea
                cols={30}
                id="form-message"
                name="message"
                placeholder="Your message"
                rows={10}
              />
            </label>
            <div>
              <input
                type="submit"
                value="Send"
              />
            </div>
          </form>
        </div>
      </div>
    </div>
    <div
      className="komodoGridWrapper cs-wrapper invert"
      style={
        Object {
          "background": "#151515",
          "marginTop": "inherit",
          "paddingBottom": "150px",
          "paddingTop": "150px",
        }
      }
    >
      <div
        className="Content-Section"
      >
        <h2>
          Careers
        </h2>
        <div>
          <p>
            Whether you’re looking to progress in your career or you’re a fresh-faced graduate, Komodo could be the right place for you to hone your skills and grow. The talent here is intimidatingly good, so be confident and ready to impress.
          </p>
          <a
            href="/careers"
            onClick={[Function]}
          >
            See what careers we have available
          </a>
        </div>
      </div>
    </div>
  </div>,
  <footer
    className="komodoGridWrapper"
  >
    <div
      className="komodo"
    >
      <img
        alt="Komodo - People Friendly Software"
        src={Object {}}
      />
    </div>
    <div
      className="address"
    >
      <span>
        Address
      </span>
      <address>
        Komodo Digital,
        <br />
        63 Westgate Rd,
        <br />
        Newcastle upon Tyne,
        <br />
        NE1 1SG
      </address>
    </div>
    <div
      className="sitemap"
    >
      <span>
        Sitemap
      </span>
      <ul>
        <li>
          <a
            aria-current="page"
            href="/"
            onClick={[Function]}
          >
            Home
          </a>
        </li>
        <li>
          <a
            aria-current="page"
            href="/"
            onClick={[Function]}
          >
            Case Studies
          </a>
        </li>
        <li>
          <a
            aria-current="page"
            href="/"
            onClick={[Function]}
          >
            Insights
          </a>
        </li>
        <li>
          <a
            aria-current="page"
            href="/"
            onClick={[Function]}
          >
            Careers
          </a>
        </li>
      </ul>
      <ul>
        <li>
          <a
            aria-current="page"
            href="/"
            onClick={[Function]}
          >
            Contact
          </a>
        </li>
        <li>
          <a
            href="https://twitter.com/komodohq"
          >
            Twitter
          </a>
        </li>
        <li>
          <a
            href="https://facebook.com/komodohq"
          >
            Facebook
          </a>
        </li>
        <li>
          <a
            href="https://linkedin.com/komodohq"
          >
            LinkedIn
          </a>
        </li>
      </ul>
    </div>
  </footer>,
  <footer
    className="komodoGridWrapper legal-footer"
  >
    <div
      className="company"
    >
      <span>
        Komodo Digital Copyright © 2018
      </span>
      <br />
      <a
        aria-current="page"
        href="/"
        onClick={[Function]}
      >
        Privacy Policy
      </a>
       | 
      <a
        aria-current="page"
        href="/"
        onClick={[Function]}
      >
        Terms and Conditions
      </a>
    </div>
    <div
      className="contact"
    >
      Get in touch on:
      <br />
      <a
        href="/tel:0191 228 6555"
        onClick={[Function]}
      >
        0191 228 6555
      </a>
    </div>
  </footer>,
  <noscript>
    <img
      alt=""
      height="1"
      src="https://dc.ads.linkedin.com/collect/?pid=377068&fmt=gif"
      width="1"
    />
  </noscript>,
]
`;
