// Jest Snapshot v1, https://goo.gl/fbAQLP

exports[`Home template is rendered 1`] = `
<div>
  <div
    className="navigationBar"
  >
    <a
      aria-current="page"
      href="/"
      onClick={[Function]}
    >
      <h1>
        Komodo
      </h1>
    </a>
    <ul>
      <li>
        <a
          href="/about"
          onClick={[Function]}
        >
          About
        </a>
      </li>
      <li>
        <a
          href="/case-studies"
          onClick={[Function]}
        >
          Case Studies
        </a>
      </li>
      <li>
        <a
          href="/blog-list"
          onClick={[Function]}
        >
          Insights
        </a>
      </li>
      <li>
        <a
          href="/contact"
          onClick={[Function]}
        >
          Contact
        </a>
      </li>
    </ul>
  </div>
  <div>
    <span>
      subtitle
    </span>
    <div
      className="Content-Section"
    >
      <h2>
        title
      </h2>
      <div>
        <span>
          Lorem Ipsum is the industry standard typesetting text
        </span>
      </div>
    </div>
  </div>
  <div
    className="Content-Section"
  >
    <h2>
      About Us
    </h2>
    <div>
      <span>
        Lorem Ipsum is the industry standard typesetting text
      </span>
    </div>
  </div>
  <div
    className="Content-Section"
  >
    <h2>
      Approach
    </h2>
    <div>
      <span>
        Lorem Ipsum is the industry standard typesetting text
      </span>
      <div>
        Services
      </div>
    </div>
  </div>
  <div
    className="Content-Section"
  >
    <h2>
      Case Studies
    </h2>
    <div>
      <span>
        Lorem Ipsum is the industry standard typesetting text
      </span>
      <div>
        See More Work
      </div>
    </div>
  </div>
  <div
    className="Content-Section"
  >
    <h2>
      Client Portfolio
    </h2>
    <div>
      <span>
        Lorem Ipsum is the industry standard typesetting text
      </span>
      <div>
        QuadGrid
        <div>
          <div>
            IMAGE
          </div>
          <h3 />
        </div>
        <div>
          <div>
            IMAGE
          </div>
          <h3 />
        </div>
        <div>
          <div>
            IMAGE
          </div>
          <h3 />
        </div>
        <div>
          <div>
            IMAGE
          </div>
          <h3 />
        </div>
        <div>
          <div>
            IMAGE
          </div>
          <h3 />
        </div>
        <div>
          <div>
            IMAGE
          </div>
          <h3 />
        </div>
        <div>
          <div>
            IMAGE
          </div>
          <h3 />
        </div>
        <div>
          <div>
            IMAGE
          </div>
          <h3 />
        </div>
        <div>
          <div>
            IMAGE
          </div>
          <h3 />
        </div>
        <div>
          <div>
            IMAGE
          </div>
          <h3 />
        </div>
        <div>
          <div>
            IMAGE
          </div>
          <h3 />
        </div>
      </div>
    </div>
  </div>
  <div
    className="Content-Section"
  >
    <h2>
      Insights
    </h2>
    <div>
      <span>
        Lorem Ipsum is the industry standard typesetting text
      </span>
      <div>
        BlogPost
      </div>
      <div>
        BlogPost
      </div>
      <div>
        BlogPost
      </div>
      <div>
        See More Insights
      </div>
    </div>
  </div>
  <div>
    ContactSection
    <span>
      Lorem Ipsum is the industry standard typesetting text
    </span>
    <div>
      ContactForm
    </div>
  </div>
  <footer>
    <div
      className="komodo"
    >
      Komodo
    </div>
    <div
      className="address"
    >
      Address
    </div>
    <div
      className="sitemap"
    >
      Sitemap
    </div>
  </footer>
  <footer>
    <div>
      Komodo Digital Copyright © 2018
      <br />
      <a
        aria-current="page"
        href="/"
        onClick={[Function]}
      >
        Privacy Policy
      </a>
      |
      <a
        aria-current="page"
        href="/"
        onClick={[Function]}
      >
        Terms and Conditions
      </a>
    </div>
    <div>
      Get in touch on:
      <br />
      <a
        href="/tel:0191 228 6555"
        onClick={[Function]}
      >
        0191 228 6555
      </a>
    </div>
  </footer>
</div>
`;
